Archive member included because of file (symbol)

c:/winavr-20090313/bin/../lib/gcc/avr/4.3.2/avr51\libgcc.a(_exit.o)
                              c:/winavr-20090313/bin/../lib/gcc/avr/4.3.2/../../../../avr/lib/avr51/crtm128.o (exit)
c:/winavr-20090313/bin/../lib/gcc/avr/4.3.2/avr51\libgcc.a(_clear_bss.o)
                              RTC_routines.o (__do_clear_bss)

Allocating common symbols
Common symbol       size              file

rtc_register        0x7               RTC_routines.o
time                0xa               RTC_routines.o
day                 0x1               RTC_routines.o
date                0xc               RTC_routines.o

Memory Configuration

Name             Origin             Length             Attributes
text             0x00000000         0x00020000         xr
data             0x00800060         0x0000ffa0         rw !x
eeprom           0x00810000         0x00010000         rw !x
fuse             0x00820000         0x00000400         rw !x
lock             0x00830000         0x00000400         rw !x
signature        0x00840000         0x00000400         rw !x
*default*        0x00000000         0xffffffff

Linker script and memory map

Address of section .data set to 0x800100
LOAD c:/winavr-20090313/bin/../lib/gcc/avr/4.3.2/../../../../avr/lib/avr51/crtm128.o
LOAD EEPROM_routines.o
LOAD i2c_routines.o
LOAD RTC_EEPROM_main.o
LOAD RTC_routines.o
LOAD UART_routines.o
LOAD c:/winavr-20090313/bin/../lib/gcc/avr/4.3.2/avr51\libgcc.a
LOAD c:/winavr-20090313/bin/../lib/gcc/avr/4.3.2/../../../../avr/lib/avr51\libc.a
LOAD c:/winavr-20090313/bin/../lib/gcc/avr/4.3.2/avr51\libgcc.a

.hash
 *(.hash)

.dynsym
 *(.dynsym)

.dynstr
 *(.dynstr)

.gnu.version
 *(.gnu.version)

.gnu.version_d
 *(.gnu.version_d)

.gnu.version_r
 *(.gnu.version_r)

.rel.init
 *(.rel.init)

.rela.init
 *(.rela.init)

.rel.text
 *(.rel.text)
 *(.rel.text.*)
 *(.rel.gnu.linkonce.t*)

.rela.text
 *(.rela.text)
 *(.rela.text.*)
 *(.rela.gnu.linkonce.t*)

.rel.fini
 *(.rel.fini)

.rela.fini
 *(.rela.fini)

.rel.rodata
 *(.rel.rodata)
 *(.rel.rodata.*)
 *(.rel.gnu.linkonce.r*)

.rela.rodata
 *(.rela.rodata)
 *(.rela.rodata.*)
 *(.rela.gnu.linkonce.r*)

.rel.data
 *(.rel.data)
 *(.rel.data.*)
 *(.rel.gnu.linkonce.d*)

.rela.data
 *(.rela.data)
 *(.rela.data.*)
 *(.rela.gnu.linkonce.d*)

.rel.ctors
 *(.rel.ctors)

.rela.ctors
 *(.rela.ctors)

.rel.dtors
 *(.rel.dtors)

.rela.dtors
 *(.rela.dtors)

.rel.got
 *(.rel.got)

.rela.got
 *(.rela.got)

.rel.bss
 *(.rel.bss)

.rela.bss
 *(.rela.bss)

.rel.plt
 *(.rel.plt)

.rela.plt
 *(.rela.plt)

.text           0x00000000     0x1580
 *(.vectors)
 .vectors       0x00000000       0x8c c:/winavr-20090313/bin/../lib/gcc/avr/4.3.2/../../../../avr/lib/avr51/crtm128.o
                0x00000000                __vectors
                0x00000000                __vector_default
 *(.vectors)
 *(.progmem.gcc*)
 *(.progmem*)
 .progmem.data  0x0000008c      0x1ad EEPROM_routines.o
 .progmem.data  0x00000239      0x248 RTC_EEPROM_main.o
 .progmem.data  0x00000481      0x296 RTC_routines.o
                0x00000718                . = ALIGN (0x2)
 *fill*         0x00000717        0x1 00
                0x00000718                __trampolines_start = .
 *(.trampolines)
 .trampolines   0x00000718        0x0 linker stubs
 *(.trampolines*)
                0x00000718                __trampolines_end = .
 *(.jumptables)
 *(.jumptables*)
 *(.lowtext)
 *(.lowtext*)
                0x00000718                __ctors_start = .
 *(.ctors)
                0x00000718                __ctors_end = .
                0x00000718                __dtors_start = .
 *(.dtors)
                0x00000718                __dtors_end = .
 SORT(*)(.ctors)
 SORT(*)(.dtors)
 *(.init0)
 .init0         0x00000718        0x0 c:/winavr-20090313/bin/../lib/gcc/avr/4.3.2/../../../../avr/lib/avr51/crtm128.o
                0x00000718                __init
 *(.init0)
 *(.init1)
 *(.init1)
 *(.init2)
 .init2         0x00000718        0xc c:/winavr-20090313/bin/../lib/gcc/avr/4.3.2/../../../../avr/lib/avr51/crtm128.o
 *(.init2)
 *(.init3)
 *(.init3)
 *(.init4)
 .init4         0x00000724       0x1a c:/winavr-20090313/bin/../lib/gcc/avr/4.3.2/../../../../avr/lib/avr51/crtm128.o
                0x00000724                __do_copy_data
 .init4         0x0000073e       0x10 c:/winavr-20090313/bin/../lib/gcc/avr/4.3.2/avr51\libgcc.a(_clear_bss.o)
                0x0000073e                __do_clear_bss
 *(.init4)
 *(.init5)
 *(.init5)
 *(.init6)
 *(.init6)
 *(.init7)
 *(.init7)
 *(.init8)
 *(.init8)
 *(.init9)
 .init9         0x0000074e        0x8 c:/winavr-20090313/bin/../lib/gcc/avr/4.3.2/../../../../avr/lib/avr51/crtm128.o
 *(.init9)
 *(.text)
 .text          0x00000756        0x4 c:/winavr-20090313/bin/../lib/gcc/avr/4.3.2/../../../../avr/lib/avr51/crtm128.o
                0x00000756                __vector_22
                0x00000756                __vector_28
                0x00000756                __vector_1
                0x00000756                __vector_32
                0x00000756                __vector_34
                0x00000756                __vector_24
                0x00000756                __vector_12
                0x00000756                __bad_interrupt
                0x00000756                __vector_6
                0x00000756                __vector_31
                0x00000756                __vector_3
                0x00000756                __vector_23
                0x00000756                __vector_30
                0x00000756                __vector_25
                0x00000756                __vector_11
                0x00000756                __vector_13
                0x00000756                __vector_17
                0x00000756                __vector_19
                0x00000756                __vector_7
                0x00000756                __vector_27
                0x00000756                __vector_5
                0x00000756                __vector_33
                0x00000756                __vector_4
                0x00000756                __vector_9
                0x00000756                __vector_2
                0x00000756                __vector_21
                0x00000756                __vector_15
                0x00000756                __vector_29
                0x00000756                __vector_8
                0x00000756                __vector_26
                0x00000756                __vector_14
                0x00000756                __vector_10
                0x00000756                __vector_16
                0x00000756                __vector_18
                0x00000756                __vector_20
 .text          0x0000075a      0x230 EEPROM_routines.o
                0x0000088a                EEPROM_read
                0x00000876                EEPROM_writePage
                0x00000974                EEPROM_readPage
                0x0000075a                EEPROM_erase
                0x000007fa                EEPROM_write
 .text          0x0000098a       0xe6 i2c_routines.o
                0x00000a00                i2c_sendData
                0x0000098a                i2c_start
                0x000009ca                i2c_sendAddress
                0x000009aa                i2c_repeatStart
                0x00000a68                i2c_stop
                0x00000a24                i2c_receiveData_ACK
                0x00000a46                i2c_receiveData_NACK
 .text          0x00000a70      0x400 RTC_EEPROM_main.o
                0x00000a70                port_init
                0x00000a98                twi_init
                0x00000aae                init_devices
                0x00000ae4                main
 .text          0x00000e70      0x6ba RTC_routines.o
                0x00001488                RTC_getTime
                0x00000e70                RTC_updateRegisters
                0x00000f8e                RTC_writeDate
                0x00001508                RTC_displayTime
                0x00001212                RTC_updateTime
                0x00000f2e                RTC_displayDay
                0x00001004                RTC_updateDate
                0x000013de                RTC_getDate
                0x00001462                RTC_displayDate
                0x000011a8                RTC_writeTime
                0x00001320                RTC_setStartAddress
                0x00001356                RTC_read
 .text          0x0000152a       0x52 UART_routines.o
                0x0000154c                transmitByte
                0x00001554                transmitString_F
                0x0000152a                uart0_init
                0x00001568                transmitString
                0x00001542                receiveByte
 .text          0x0000157c        0x0 c:/winavr-20090313/bin/../lib/gcc/avr/4.3.2/avr51\libgcc.a(_exit.o)
 .text          0x0000157c        0x0 c:/winavr-20090313/bin/../lib/gcc/avr/4.3.2/avr51\libgcc.a(_clear_bss.o)
                0x0000157c                . = ALIGN (0x2)
 *(.text.*)
 .text.libgcc   0x0000157c        0x0 c:/winavr-20090313/bin/../lib/gcc/avr/4.3.2/avr51\libgcc.a(_exit.o)
 .text.libgcc   0x0000157c        0x0 c:/winavr-20090313/bin/../lib/gcc/avr/4.3.2/avr51\libgcc.a(_clear_bss.o)
                0x0000157c                . = ALIGN (0x2)
 *(.fini9)
 .fini9         0x0000157c        0x0 c:/winavr-20090313/bin/../lib/gcc/avr/4.3.2/avr51\libgcc.a(_exit.o)
                0x0000157c                exit
                0x0000157c                _exit
 *(.fini9)
 *(.fini8)
 *(.fini8)
 *(.fini7)
 *(.fini7)
 *(.fini6)
 *(.fini6)
 *(.fini5)
 *(.fini5)
 *(.fini4)
 *(.fini4)
 *(.fini3)
 *(.fini3)
 *(.fini2)
 *(.fini2)
 *(.fini1)
 *(.fini1)
 *(.fini0)
 .fini0         0x0000157c        0x4 c:/winavr-20090313/bin/../lib/gcc/avr/4.3.2/avr51\libgcc.a(_exit.o)
 *(.fini0)
                0x00001580                _etext = .

.data           0x00800100        0x0 load address 0x00001580
                0x00800100                PROVIDE (__data_start, .)
 *(.data)
 .data          0x00800100        0x0 c:/winavr-20090313/bin/../lib/gcc/avr/4.3.2/../../../../avr/lib/avr51/crtm128.o
 .data          0x00800100        0x0 EEPROM_routines.o
 .data          0x00800100        0x0 i2c_routines.o
 .data          0x00800100        0x0 RTC_EEPROM_main.o
 .data          0x00800100        0x0 RTC_routines.o
 .data          0x00800100        0x0 UART_routines.o
 .data          0x00800100        0x0 c:/winavr-20090313/bin/../lib/gcc/avr/4.3.2/avr51\libgcc.a(_exit.o)
 .data          0x00800100        0x0 c:/winavr-20090313/bin/../lib/gcc/avr/4.3.2/avr51\libgcc.a(_clear_bss.o)
 *(.data*)
 *(.rodata)
 *(.rodata*)
 *(.gnu.linkonce.d*)
                0x00800100                . = ALIGN (0x2)
                0x00800100                _edata = .
                0x00800100                PROVIDE (__data_end, .)

.bss            0x00800100       0x1e
                0x00800100                PROVIDE (__bss_start, .)
 *(.bss)
 .bss           0x00800100        0x0 c:/winavr-20090313/bin/../lib/gcc/avr/4.3.2/../../../../avr/lib/avr51/crtm128.o
 .bss           0x00800100        0x0 EEPROM_routines.o
 .bss           0x00800100        0x0 i2c_routines.o
 .bss           0x00800100        0x0 RTC_EEPROM_main.o
 .bss           0x00800100        0x0 RTC_routines.o
 .bss           0x00800100        0x0 UART_routines.o
 .bss           0x00800100        0x0 c:/winavr-20090313/bin/../lib/gcc/avr/4.3.2/avr51\libgcc.a(_exit.o)
 .bss           0x00800100        0x0 c:/winavr-20090313/bin/../lib/gcc/avr/4.3.2/avr51\libgcc.a(_clear_bss.o)
 *(.bss*)
 *(COMMON)
 COMMON         0x00800100       0x1e RTC_routines.o
                0x00800100                rtc_register
                0x00800107                time
                0x00800111                day
                0x00800112                date
                0x0080011e                PROVIDE (__bss_end, .)
                0x00001580                __data_load_start = LOADADDR (.data)
                0x00001580                __data_load_end = (__data_load_start + SIZEOF (.data))

.noinit         0x0080011e        0x0
                0x0080011e                PROVIDE (__noinit_start, .)
 *(.noinit*)
                0x0080011e                PROVIDE (__noinit_end, .)
                0x0080011e                _end = .
                0x0080011e                PROVIDE (__heap_start, .)

.eeprom         0x00810000        0x0
 *(.eeprom*)
                0x00810000                __eeprom_end = .

.fuse
 *(.fuse)
 *(.lfuse)
 *(.hfuse)
 *(.efuse)

.lock
 *(.lock*)

.signature
 *(.signature*)

.stab
 *(.stab)

.stabstr
 *(.stabstr)

.stab.excl
 *(.stab.excl)

.stab.exclstr
 *(.stab.exclstr)

.stab.index
 *(.stab.index)

.stab.indexstr
 *(.stab.indexstr)

.comment
 *(.comment)

.debug
 *(.debug)

.line
 *(.line)

.debug_srcinfo
 *(.debug_srcinfo)

.debug_sfnames
 *(.debug_sfnames)

.debug_aranges  0x00000000       0xa0
 *(.debug_aranges)
 .debug_aranges
                0x00000000       0x20 EEPROM_routines.o
 .debug_aranges
                0x00000020       0x20 i2c_routines.o
 .debug_aranges
                0x00000040       0x20 RTC_EEPROM_main.o
 .debug_aranges
                0x00000060       0x20 RTC_routines.o
 .debug_aranges
                0x00000080       0x20 UART_routines.o

.debug_pubnames
                0x00000000      0x2d4
 *(.debug_pubnames)
 .debug_pubnames
                0x00000000       0x6d EEPROM_routines.o
 .debug_pubnames
                0x0000006d       0x97 i2c_routines.o
 .debug_pubnames
                0x00000104       0x47 RTC_EEPROM_main.o
 .debug_pubnames
                0x0000014b      0x11f RTC_routines.o
 .debug_pubnames
                0x0000026a       0x6a UART_routines.o

.debug_info     0x00000000     0x11ea
 *(.debug_info)
 .debug_info    0x00000000      0x40a EEPROM_routines.o
 .debug_info    0x0000040a      0x161 i2c_routines.o
 .debug_info    0x0000056b      0x450 RTC_EEPROM_main.o
 .debug_info    0x000009bb      0x66e RTC_routines.o
 .debug_info    0x00001029      0x1c1 UART_routines.o
 *(.gnu.linkonce.wi.*)

.debug_abbrev   0x00000000      0x4e1
 *(.debug_abbrev)
 .debug_abbrev  0x00000000       0xae EEPROM_routines.o
 .debug_abbrev  0x000000ae       0x8d i2c_routines.o
 .debug_abbrev  0x0000013b       0xeb RTC_EEPROM_main.o
 .debug_abbrev  0x00000226      0x16f RTC_routines.o
 .debug_abbrev  0x00000395      0x14c UART_routines.o

.debug_line     0x00000000     0x11e2
 *(.debug_line)
 .debug_line    0x00000000      0x311 EEPROM_routines.o
 .debug_line    0x00000311      0x186 i2c_routines.o
 .debug_line    0x00000497      0x43d RTC_EEPROM_main.o
 .debug_line    0x000008d4      0x792 RTC_routines.o
 .debug_line    0x00001066      0x17c UART_routines.o

.debug_frame    0x00000000      0x260
 *(.debug_frame)
 .debug_frame   0x00000000       0x60 EEPROM_routines.o
 .debug_frame   0x00000060       0x80 i2c_routines.o
 .debug_frame   0x000000e0       0x50 RTC_EEPROM_main.o
 .debug_frame   0x00000130       0xd0 RTC_routines.o
 .debug_frame   0x00000200       0x60 UART_routines.o

.debug_str      0x00000000      0x34f
 *(.debug_str)
 .debug_str     0x00000000      0x10b EEPROM_routines.o
                                0x144 (size before relaxing)
 .debug_str     0x0000010b       0x8a i2c_routines.o
                                0x129 (size before relaxing)
 .debug_str     0x00000195       0x41 RTC_EEPROM_main.o
                                0x106 (size before relaxing)
 .debug_str     0x000001d6       0xf1 RTC_routines.o
                                0x1a1 (size before relaxing)
 .debug_str     0x000002c7       0x88 UART_routines.o
                                0x12c (size before relaxing)

.debug_loc      0x00000000      0x45c
 *(.debug_loc)
 .debug_loc     0x00000000      0x217 EEPROM_routines.o
 .debug_loc     0x00000217       0x90 i2c_routines.o
 .debug_loc     0x000002a7       0xc7 RTC_EEPROM_main.o
 .debug_loc     0x0000036e       0x78 RTC_routines.o
 .debug_loc     0x000003e6       0x76 UART_routines.o

.debug_macinfo
 *(.debug_macinfo)
OUTPUT(RTC_EEPROM.elf elf32-avr)
LOAD linker stubs

.debug_ranges   0x00000000       0x30
 .debug_ranges  0x00000000       0x30 UART_routines.o
